LINE ADDR CONTENTS SOURCE LINE
  1.              	.EQU @, $000
  2.              
  3.              
  4.              	.EQU buffer, $100	;monitor video buffer
  5.              	.EQU control, $316	;monitor control
  6.              	.EQU reset, $01	;clear screen
  7.              	.EQU width, 38	;monitor width
  8.              	.EQU line_chars, 32
  9.              
 10.              
 11.              	.EQU KEYBOARD_STATUS, $000
 12.              	.EQU KEYBOARD_DATA, $001
 13.              
 14.  000 000000  char:.WORD 0
 15.  001 000000  num:.WORD 0			;counter
 16.  002 000001  	LDA# reset
 17.  003 712316  	OUTB control
 18.              
 19.              
 20.              
 21.              
 22.  004 010075  	LDX# (3*width)+3
 23.  005 0A2000  	CLR char	;reset values
 24.  006 0A2001  	CLR num
 25.              
 26.              
 27.              loop:	
 28.              	
 29.  007 702000  	INB $000	;check keyboard loop
 30.  008 FFF038  	NOP
 31.  009 4B2007  	JGE loop 	; initial loop
 32.  00A 702001  	INB $001
 33.  00B 512000  	STC char	;store keyboard entry
 34.              
 35.  00C 714100  	OUTB+ buffer
 36.  00D 110001  	ADX# 1
 37.  00E 1B2001  	INC num	;increase counter
 38.  00F 002001  	LDA num
 39.  010 200020  	CMA# line_chars
 40.  011 4A2007  	JLT loop
 41.  012 110006  	ADX# width-line_chars	;across
 42.  013 0A2001  	CLR num
 43.  014 002000  	LDA char
 44.  015 200100  	CMA# 256
 45.  016 4A2007  	JLT loop	;second loop
 46.              
 47.              
 48.  017 FFFFFF  	HLT		; end

                     SYMBOL TABLE CONTENTS

000100 = BUFFER          000000 = CHAR            000316 = CONTROL         
000001 = KEYBOARD_DATA   000000 = KEYBOARD_STATUS 000020 = LINE_CHARS      
000007 = LOOP            000001 = NUM             000001 = RESET           
000026 = WIDTH           